[controls] seed_daily reversal seed=0 rebalance_every=1
[controls] seed_monthly reversal seed=0 rebalance_every=21
[controls] seed_smoothed reversal seed=0 rebalance_every=1
[controls] seed_daily volume seed=0 rebalance_every=1
[controls] seed_monthly volume seed=0 rebalance_every=21
[controls] seed_smoothed volume seed=0 rebalance_every=1
[controls] seed_daily volatility seed=0 rebalance_every=1
[controls] seed_monthly volatility seed=0 rebalance_every=21
[controls] seed_smoothed volatility seed=0 rebalance_every=1
[controls] seed_daily momentum seed=0 rebalance_every=1
[controls] seed_monthly momentum seed=0 rebalance_every=21
[controls] seed_smoothed momentum seed=0 rebalance_every=1
      control seed_alpha  llm_seed  Gross_Sharpe  Net_Sharpe_full_cost_model  Net_Sharpe_5bps  Net_Sharpe_10bps  Net_Sharpe_20bps  Avg_Daily_Turnover_pct  Max_Drawdown  Cumulative_Return
   seed_daily   reversal         0         0.265                     -14.005           -2.264            -4.787            -9.799                 128.485        -1.000             -1.000
 seed_monthly   reversal         0         0.171                      -0.558            0.042            -0.086            -0.341                   6.145        -0.859             -0.792
seed_smoothed   reversal         0        -0.012                      -0.595           -0.137            -0.261            -0.511                  10.853        -0.966             -0.958
   seed_daily     volume         0        -0.308                     -14.173           -2.987            -5.665           -11.004                  96.648        -1.000             -1.000
 seed_monthly     volume         0        -0.095                      -1.135           -0.290            -0.483            -0.855                   6.554        -0.894             -0.886
seed_smoothed     volume         0        -0.080                      -1.206           -0.331            -0.583            -1.085                  12.650        -0.966             -0.964
   seed_daily volatility         0         0.633                      -0.004            0.493             0.352             0.070                   6.627        -0.380             -0.144
 seed_monthly volatility         0         0.683                       0.477            0.640             0.598             0.513                   1.885        -0.235              1.655
seed_smoothed volatility         0         0.625                       0.483            0.596             0.566             0.507                   1.422        -0.195              1.855
   seed_daily   momentum         0        -0.069                      -1.258           -0.318            -0.567            -1.064                  16.527        -0.991             -0.990
 seed_monthly   momentum         0        -0.097                      -0.417           -0.157            -0.217            -0.335                   3.750        -0.849             -0.803
seed_smoothed   momentum         0         0.037                      -0.099            0.008            -0.021            -0.080                   2.286        -0.769             -0.552
