[controls] baseline_monthly reversal seed=1001 rebalance_every=21
[controls] baseline_monthly reversal seed=2002 rebalance_every=21
[controls] baseline_monthly reversal seed=3003 rebalance_every=21
[controls] baseline_monthly volume seed=1001 rebalance_every=21
[controls] baseline_monthly volume seed=2002 rebalance_every=21
[controls] baseline_monthly volume seed=3003 rebalance_every=21
[controls] baseline_monthly volatility seed=1001 rebalance_every=21
[controls] baseline_monthly volatility seed=2002 rebalance_every=21
[controls] baseline_monthly volatility seed=3003 rebalance_every=21
[controls] baseline_monthly momentum seed=1001 rebalance_every=21
[controls] baseline_monthly momentum seed=2002 rebalance_every=21
[controls] baseline_monthly momentum seed=3003 rebalance_every=21
         control seed_alpha  llm_seed  Gross_Sharpe  Net_Sharpe_full_cost_model  Net_Sharpe_5bps  Net_Sharpe_10bps  Net_Sharpe_20bps  Avg_Daily_Turnover_pct  Max_Drawdown  Cumulative_Return
      seed_daily   reversal         0         0.265                     -14.005           -2.264            -4.787            -9.799                 128.485        -1.000             -1.000
    seed_monthly   reversal         0         0.171                      -0.558            0.042            -0.086            -0.341                   6.145        -0.859             -0.792
   seed_smoothed   reversal         0        -0.012                      -0.595           -0.137            -0.261            -0.511                  10.853        -0.966             -0.958
      seed_daily     volume         0        -0.308                     -14.173           -2.987            -5.665           -11.004                  96.648        -1.000             -1.000
    seed_monthly     volume         0        -0.095                      -1.135           -0.290            -0.483            -0.855                   6.554        -0.894             -0.886
   seed_smoothed     volume         0        -0.080                      -1.206           -0.331            -0.583            -1.085                  12.650        -0.966             -0.964
      seed_daily volatility         0         0.633                      -0.004            0.493             0.352             0.070                   6.627        -0.380             -0.144
    seed_monthly volatility         0         0.683                       0.477            0.640             0.598             0.513                   1.885        -0.235              1.655
   seed_smoothed volatility         0         0.625                       0.483            0.596             0.566             0.507                   1.422        -0.195              1.855
      seed_daily   momentum         0        -0.069                      -1.258           -0.318            -0.567            -1.064                  16.527        -0.991             -0.990
    seed_monthly   momentum         0        -0.097                      -0.417           -0.157            -0.217            -0.335                   3.750        -0.849             -0.803
   seed_smoothed   momentum         0         0.037                      -0.099            0.008            -0.021            -0.080                   2.286        -0.769             -0.552
baseline_monthly   reversal      1001         0.519                      -0.125            0.402             0.284             0.050                   5.380        -0.638             -0.360
baseline_monthly   reversal      2002         0.097                      -0.598           -0.026            -0.148            -0.389                   5.136        -0.827             -0.767
baseline_monthly   reversal      3003         0.271                      -0.360            0.160             0.049            -0.170                   5.000        -0.726             -0.635
baseline_monthly     volume      1001         0.185                      -0.580            0.046            -0.092            -0.364                   5.508        -0.778             -0.741
baseline_monthly     volume      2002         0.174                      -0.624            0.031            -0.113            -0.396                   6.157        -0.810             -0.787
baseline_monthly     volume      3003         0.061                      -0.679           -0.074            -0.208            -0.471                   5.831        -0.847             -0.817
baseline_monthly volatility      1001         0.463                       0.075            0.389             0.314             0.165                   3.085        -0.384              0.049
baseline_monthly volatility      2002         0.701                       0.272            0.620             0.538             0.373                   3.370        -0.265              0.609
baseline_monthly volatility      3003         0.547                       0.167            0.476             0.405             0.262                   2.896        -0.276              0.279
baseline_monthly   momentum      1001         0.413                      -0.031            0.338             0.262             0.111                   4.127        -0.728             -0.250
baseline_monthly   momentum      2002         0.535                       0.033            0.444             0.354             0.174                   4.014        -0.491             -0.055
baseline_monthly   momentum      3003         0.125                      -0.527            0.008            -0.108            -0.339                   5.231        -0.767             -0.750
