[gamma_sweep] loading full point-in-time panels (cached if already built)...

==============================================================================
turnover_only_g1_0.1_g2_0.0
==============================================================================
[LocalQwenClient] seed=1001 main_gpu=0
[LocalQwenClient] seed=1001 main_gpu=1
[wfo:baseline] fold 0: train 2001-01-01..2005-12-31 -> test 2006-01-01..2006-12-31
[baseline] iter  0/50 [SEED] reward=  1.1803  rank(-1 * stddev(delta(close, 1), 20))
[baseline] iter  1/50 [OK ] reward=  1.1523  rank(-1 * decay_linear(stddev(delta(close, 1), 20), 60))
[baseline] iter  2/50 [OK ] reward=  0.3841  rank(-1 * decay_linear(stddev(delta(close, 1), 20), 60) * cs_rank(volume))
[baseline] iter  3/50 [OK ] reward= -0.1312  rank(-1 * decay_linear(stddev(delta(close, 1), 20), 60) * cs_rank(volume / (vwap + 1e-5)))
[baseline] iter  4/50 [OK ] reward= -0.1320  rank(-1 * stddev(delta(close, 1), 20) * cs_rank(volume / (vwap + 1e-5)))
[baseline] iter  5/50 [OK ] reward=  0.4649  rank(-1 * stddev(delta(close, 1), 20) * ts_rank(volume, 20))
[baseline] iter  6/50 [OK ] reward= -1.2324  rank(-1 * stddev(delta(close, 1), 20) * zscore(volume, 20))
[baseline] iter  7/50 [OK ] reward=  1.0991  rank(-1 * ts_rank(close, 20))
[baseline] iter  8/50 [OK ] reward=  0.1185  cs_rank(-1 * stddev(delta(close, 1), 20) + decay_linear(ts_rank(close, 20), 10))
[baseline] iter  9/50 [OK ] reward=  1.6357  cs_rank(-1 * stddev(delta(close, 1), 20) + cs_rank(volume / (volume + 1e-5)))
[baseline] iter 10/50 [OK ] reward=  1.1938  cs_rank(-1 * stddev(delta(close, 1), 20) + volume / (volume + 1e-5))
[baseline] iter 11/50 [OK ] reward=  1.0293  cs_rank(-1 * stddev(delta(close, 1), 20) + cs_rank(volume / (volume + 1e-5)) + cs_rank(vwap - open))
[baseline] iter 12/50 [OK ] reward=  1.6357  cs_rank(-1 * stddev(delta(close, 1), 20) + cs_rank(volume / (volume + 1e-5)))
[baseline] iter 13/50 [OK ] reward=  1.6357  cs_rank(-1 * stddev(delta(close, 1), 20) + cs_rank(volume / (volume + 1e-5)))
[baseline] iter 14/50 [OK ] reward=  1.6860  cs_rank(-1 * stddev(delta(close, 1), 20) + cs_rank(volume))
[baseline] iter 15/50 [OK ] reward=  0.8338  cs_rank(-1 * stddev(delta(close, 1), 20) + cs_rank(volume * sma(close, 20)))
[baseline] iter 16/50 [OK ] reward=  1.6860  cs_rank(-1 * stddev(delta(close, 1), 20) + cs_rank(volume))
[baseline] iter 17/50 [ERR] reward=    -inf  cs_rank(-1 * stddev(delta(close, 1), 20) + cs_rank(volume) + cs_rank(vwap / close))
[baseline] iter 18/50 [OK ] reward=  2.7486  cs_rank(-1 * stddev(delta(close, 1), 20) + cs_rank(volume) + cs_rank(vwap / (close + 1e-5)))
[baseline] iter 19/50 [OK ] reward=  2.7486  cs_rank(-1 * stddev(delta(close, 1), 20) + cs_rank(volume) + cs_rank(vwap / (close + 1e-5)))
[baseline] iter 20/50 [OK ] reward=  2.7486  cs_rank(-1 * stddev(delta(close, 1), 20) + cs_rank(volume) + cs_rank(vwap / (close + 1e-5)))
[baseline] iter 21/50 [OK ] reward=  1.8682  cs_rank(-1 * stddev(delta(close, 1), 20) + cs_rank(volume / (close + 1e-5)))
[baseline] iter 22/50 [OK ] reward=  1.6860  cs_rank(-1 * stddev(delta(close, 1), 20) + cs_rank(volume))
[baseline] iter 23/50 [OK ] reward=  1.5758  cs_rank(-1 * stddev(delta(close, 1), 20) + cs_rank(volume) + cs_rank(vwap / (close + 1e-5)) + cs_rank(zscore(close, 20)))
[baseline] iter 24/50 [OK ] reward=  2.7486  cs_rank(-1 * stddev(delta(close, 1), 20) + cs_rank(volume) + cs_rank(vwap / (close + 1e-5)))
[baseline] iter 25/50 [OK ] reward=  1.6860  cs_rank(-1 * stddev(delta(close, 1), 20) + cs_rank(volume))
[baseline] iter 26/50 [OK ] reward=  2.6075  cs_rank(-1 * stddev(delta(close, 1), 20) + cs_rank(volume) + cs_rank(vwap / (close + 1e-5)) + cs_rank(high - low))
[baseline] iter 27/50 [OK ] reward=  2.7486  cs_rank(-1 * stddev(delta(close, 1), 20) + cs_rank(volume) + cs_rank(vwap / (close + 1e-5)))
[baseline] iter 28/50 [OK ] reward=  2.5089  cs_rank(-1 * stddev(delta(close, 1), 20) + cs_rank(vwap / (close + 1e-5)))
[baseline] iter 29/50 [OK ] reward=  1.6860  cs_rank(-1 * stddev(delta(close, 1), 20) + cs_rank(volume))
[baseline] iter 30/50 [OK ] reward=  1.8296  cs_rank(-1 * stddev(delta(close, 1), 20) + cs_rank(volume) + cs_rank(vwap / (close + 1e-5)) + ts_rank(close, 20))
[baseline] iter 31/50 [OK ] reward=  2.7486  cs_rank(-1 * stddev(delta(close, 1), 20) + cs_rank(volume) + cs_rank(vwap / (close + 1e-5)))
[baseline] iter 32/50 [OK ] reward=  1.6860  cs_rank(-1 * stddev(delta(close, 1), 20) + cs_rank(volume))
[baseline] iter 33/50 [OK ] reward=  2.7481  cs_rank(-1 * stddev(delta(close, 1), 20) + cs_rank(volume) + cs_rank(vwap / (close + 1e-5)) + cs_rank(log(volume)))
[baseline] iter 34/50 [OK ] reward=  2.7486  cs_rank(-1 * stddev(delta(close, 1), 20) + cs_rank(volume) + cs_rank(vwap / (close + 1e-5)))
[baseline] iter 35/50 [OK ] reward=  2.7486  cs_rank(-1 * stddev(delta(close, 1), 20) + cs_rank(volume) + cs_rank(vwap / (close + 1e-5)))
[baseline] iter 36/50 [OK ] reward=  2.7486  cs_rank(-1 * stddev(delta(close, 1), 20) + cs_rank(volume) + cs_rank(vwap / (close + 1e-5)))
[baseline] iter 37/50 [OK ] reward=  1.8682  cs_rank(-1 * stddev(delta(close, 1), 20) + cs_rank(volume / (close + 1e-5)))
[baseline] iter 38/50 [OK ] reward=  2.7486  cs_rank(-1 * stddev(delta(close, 1), 20) + cs_rank(volume) + cs_rank(vwap / (close + 1e-5)))
[baseline] iter 39/50 [OK ] reward=  1.8682  cs_rank(-1 * stddev(delta(close, 1), 20) + cs_rank(volume / (close + 1e-5)))
[baseline] iter 40/50 [OK ] reward=  1.8682  cs_rank(-1 * stddev(delta(close, 1), 20) + cs_rank(volume / (close + 1e-5)))
[baseline] iter 41/50 [OK ] reward=  2.7486  cs_rank(-1 * stddev(delta(close, 1), 20) + cs_rank(volume) + cs_rank(vwap / (close + 1e-5)))
[baseline] iter 42/50 [OK ] reward=  2.7486  cs_rank(-1 * stddev(delta(close, 1), 20) + cs_rank(volume) + cs_rank(vwap / (close + 1e-5)))
[baseline] iter 43/50 [OK ] reward=  1.8682  cs_rank(-1 * stddev(delta(close, 1), 20) + cs_rank(volume / (close + 1e-5)))
[baseline] iter 44/50 [OK ] reward=  1.6860  cs_rank(-1 * stddev(delta(close, 1), 20) + cs_rank(volume))
[baseline] iter 45/50 [OK ] reward=  2.7486  cs_rank(-1 * stddev(delta(close, 1), 20) + cs_rank(volume) + cs_rank(vwap / (close + 1e-5)))
[baseline] iter 46/50 [OK ] reward=  1.8682  cs_rank(-1 * stddev(delta(close, 1), 20) + cs_rank(volume / (close + 1e-5)))
[baseline] iter 47/50 [OK ] reward=  1.8682  cs_rank(-1 * stddev(delta(close, 1), 20) + cs_rank(volume / (close + 1e-5)))
[baseline] iter 48/50 [OK ] reward=  1.6860  cs_rank(-1 * stddev(delta(close, 1), 20) + cs_rank(volume))
[baseline] iter 49/50 [OK ] reward=  2.1030  cs_rank(-1 * stddev(delta(close, 1), 20) + cs_rank(volume) + cs_rank(vwap / (close + 1e-5)) + cs_rank(close - open))
[baseline] iter 50/50 [OK ] reward=  2.7486  cs_rank(-1 * stddev(delta(close, 1), 20) + cs_rank(volume) + cs_rank(vwap / (close + 1e-5)))
[wfo:baseline] fold 0 winner: cs_rank(-1 * stddev(delta(close, 1), 20) + cs_rank(volume) + cs_rank(vwap / (close + 1e-5)))
[wfo:baseline] fold 0 OOS: Gross_IR=1.835 Turnover=165.83 Net_IR=-12.117
[wfo:execution_aware] fold 0: train 2001-01-01..2005-12-31 -> test 2006-01-01..2006-12-31
[execution_aware] iter  0/50 [SEED] reward= -0.7755  rank(-1 * stddev(delta(close, 1), 20))
[execution_aware] iter  1/50 [OK ] reward=  0.6459  decay_linear(rank(-1 * stddev(delta(close, 1), 20)), 120)
[execution_aware] iter  2/50 [OK ] reward=  0.6140  decay_linear(rank(-1 * stddev(delta(close, 1), 20)), 240)
[execution_aware] iter  3/50 [ERR] reward=    -inf  decay_linear(rank(-1 * stddev(delta(close, 1), 20)), 360)
[execution_aware] iter  4/50 [OK ] reward=  0.6459  decay_linear(cs_rank(-1 * stddev(delta(close, 1), 20)), 120)
[execution_aware] iter  5/50 [OK ] reward=  0.5600  decay_linear(cs_rank(-1 * stddev(delta(close, 1), 40)), 240)
[execution_aware] iter  6/50 [OK ] reward=  0.6140  decay_linear(cs_rank(-1 * stddev(delta(close, 1), 20)), 240)
[execution_aware] iter  7/50 [ERR] reward=    -inf  decay_linear(cs_rank(-1 * stddev(delta(close, 1), 20)), 360)
[execution_aware] iter  8/50 [OK ] reward=  0.6459  decay_linear(cs_rank(-1 * stddev(delta(close, 1), 20)), 120)
[execution_aware] iter  9/50 [OK ] reward=  0.6140  decay_linear(cs_rank(-1 * stddev(delta(close, 1), 20)), 240)